// Jest Snapshot v1, https://goo.gl/fbAQLP

exports[`TeeTimesList renders correctly 1`] = `
<RNCSafeAreaProvider
  onInsetsChange={[Function]}
  style={
    [
      {
        "flex": 1,
      },
      undefined,
    ]
  }
>
  <View
    collapsable={false}
    pointerEvents="box-none"
    style={
      {
        "flex": 1,
      }
    }
  >
    <RCTScrollView
      contentContainerStyle={
        {
          "flexGrow": 1,
          "padding": 16,
        }
      }
      data={
        [
          {
            "bookingUrl": "https://example.com/book1",
            "courseName": "Pine Valley Golf Club",
            "currency": "USD",
            "dateTime": "2024-03-20T10:00:00Z",
            "holes": 18,
            "id": "1",
            "priceAmount": 150,
            "spotsAvailable": 4,
          },
          {
            "bookingUrl": "https://example.com/book2",
            "courseName": "Augusta National",
            "currency": "USD",
            "dateTime": "2024-03-21T14:30:00Z",
            "holes": 18,
            "id": "2",
            "priceAmount": 200,
            "spotsAvailable": 2,
          },
          {
            "bookingUrl": "https://example.com/book3",
            "courseName": "St Andrews Links",
            "currency": "GBP",
            "dateTime": "2024-03-22T09:15:00Z",
            "holes": 9,
            "id": "3",
            "priceAmount": 175,
            "spotsAvailable": 1,
          },
        ]
      }
      getItem={[Function]}
      getItemCount={[Function]}
      keyExtractor={[Function]}
      onContentSizeChange={[Function]}
      onLayout={[Function]}
      onMomentumScrollBegin={[Function]}
      onMomentumScrollEnd={[Function]}
      onScroll={[Function]}
      onScrollBeginDrag={[Function]}
      onScrollEndDrag={[Function]}
      removeClippedSubviews={false}
      renderItem={[Function]}
      scrollEventThrottle={50}
      stickyHeaderIndices={[]}
      viewabilityConfigCallbackPairs={[]}
    >
      <View>
        <View
          onFocusCapture={[Function]}
          onLayout={[Function]}
          style={null}
        >
          <View
            accessibilityState={
              {
                "busy": undefined,
                "checked": undefined,
                "disabled": true,
                "expanded": undefined,
                "selected": undefined,
              }
            }
            accessibilityValue={
              {
                "max": undefined,
                "min": undefined,
                "now": undefined,
                "text": undefined,
              }
            }
            accessible={true}
            collapsable={false}
            focusable={true}
            onBlur={[Function]}
            onClick={[Function]}
            onFocus={[Function]}
            onResponderGrant={[Function]}
            onResponderMove={[Function]}
            onResponderRelease={[Function]}
            onResponderTerminate={[Function]}
            onResponderTerminationRequest={[Function]}
            onStartShouldSetResponder={[Function]}
            style={
              [
                false,
                [
                  {
                    "paddingRight": 24,
                    "paddingVertical": 8,
                  },
                  {
                    "backgroundColor": "white",
                    "borderRadius": 8,
                    "elevation": 2,
                    "marginBottom": 8,
                  },
                ],
              ]
            }
          >
            <View
              style={
                [
                  {
                    "flexDirection": "row",
                    "marginVertical": 6,
                    "width": "100%",
                  },
                  undefined,
                ]
              }
            >
              <View
                pointerEvents="box-none"
                style={
                  [
                    {
                      "alignItems": "center",
                      "justifyContent": "center",
                    },
                    {
                      "alignSelf": "center",
                      "marginLeft": 16,
                      "marginRight": 0,
                    },
                  ]
                }
              >
                <Text
                  accessibilityElementsHidden={true}
                  importantForAccessibility="no-hide-descendants"
                  pointerEvents="none"
                  selectable={false}
                  style={
                    [
                      {
                        "backgroundColor": "transparent",
                      },
                      {
                        "color": "rgba(73, 69, 79, 1)",
                        "fontSize": 24,
                      },
                    ]
                  }
                >
                  □
                </Text>
              </View>
              <View
                style={
                  [
                    {
                      "paddingLeft": 16,
                    },
                    {
                      "flexGrow": 1,
                      "flexShrink": 1,
                      "justifyContent": "center",
                    },
                    undefined,
                  ]
                }
                testID="undefined-content"
              >
                <Text
                  numberOfLines={1}
                  selectable={false}
                  style={
                    [
                      {
                        "textAlign": "left",
                      },
                      {
                        "color": "rgba(28, 27, 31, 1)",
                        "fontFamily": "System",
                        "fontWeight": "400",
                        "letterSpacing": 0,
                      },
                      {
                        "writingDirection": "ltr",
                      },
                      [
                        {
                          "fontSize": 16,
                        },
                        {
                          "color": "rgba(28, 27, 31, 1)",
                        },
                        undefined,
                      ],
                    ]
                  }
                >
                  Pine Valley Golf Club
                </Text>
                <Text
                  numberOfLines={2}
                  onTextLayout={[Function]}
                  selectable={false}
                  style={
                    [
                      {
                        "textAlign": "left",
                      },
                      {
                        "color": "rgba(28, 27, 31, 1)",
                        "fontFamily": "System",
                        "fontWeight": "400",
                        "letterSpacing": 0,
                      },
                      {
                        "writingDirection": "ltr",
                      },
                      [
                        {
                          "fontSize": 14,
                        },
                        {
                          "color": "rgba(73, 69, 79, 1)",
                        },
                        undefined,
                      ],
                    ]
                  }
                >
                  4 spots • 18 holes
                </Text>
              </View>
              <Text
                style={
                  [
                    {
                      "textAlign": "left",
                    },
                    {
                      "color": "rgba(28, 27, 31, 1)",
                      "fontFamily": "System",
                      "fontWeight": "400",
                      "letterSpacing": 0,
                    },
                    {
                      "writingDirection": "ltr",
                    },
                    [
                      {
                        "alignSelf": "center",
                        "fontSize": 16,
                        "fontWeight": "bold",
                      },
                      {
                        "color": "#000000",
                      },
                    ],
                  ]
                }
              >
                $150.00
              </Text>
            </View>
          </View>
        </View>
        <View
          onFocusCapture={[Function]}
          onLayout={[Function]}
          style={null}
        >
          <View
            accessibilityState={
              {
                "busy": undefined,
                "checked": undefined,
                "disabled": true,
                "expanded": undefined,
                "selected": undefined,
              }
            }
            accessibilityValue={
              {
                "max": undefined,
                "min": undefined,
                "now": undefined,
                "text": undefined,
              }
            }
            accessible={true}
            collapsable={false}
            focusable={true}
            onBlur={[Function]}
            onClick={[Function]}
            onFocus={[Function]}
            onResponderGrant={[Function]}
            onResponderMove={[Function]}
            onResponderRelease={[Function]}
            onResponderTerminate={[Function]}
            onResponderTerminationRequest={[Function]}
            onStartShouldSetResponder={[Function]}
            style={
              [
                false,
                [
                  {
                    "paddingRight": 24,
                    "paddingVertical": 8,
                  },
                  {
                    "backgroundColor": "white",
                    "borderRadius": 8,
                    "elevation": 2,
                    "marginBottom": 8,
                  },
                ],
              ]
            }
          >
            <View
              style={
                [
                  {
                    "flexDirection": "row",
                    "marginVertical": 6,
                    "width": "100%",
                  },
                  undefined,
                ]
              }
            >
              <View
                pointerEvents="box-none"
                style={
                  [
                    {
                      "alignItems": "center",
                      "justifyContent": "center",
                    },
                    {
                      "alignSelf": "center",
                      "marginLeft": 16,
                      "marginRight": 0,
                    },
                  ]
                }
              >
                <Text
                  accessibilityElementsHidden={true}
                  importantForAccessibility="no-hide-descendants"
                  pointerEvents="none"
                  selectable={false}
                  style={
                    [
                      {
                        "backgroundColor": "transparent",
                      },
                      {
                        "color": "rgba(73, 69, 79, 1)",
                        "fontSize": 24,
                      },
                    ]
                  }
                >
                  □
                </Text>
              </View>
              <View
                style={
                  [
                    {
                      "paddingLeft": 16,
                    },
                    {
                      "flexGrow": 1,
                      "flexShrink": 1,
                      "justifyContent": "center",
                    },
                    undefined,
                  ]
                }
                testID="undefined-content"
              >
                <Text
                  numberOfLines={1}
                  selectable={false}
                  style={
                    [
                      {
                        "textAlign": "left",
                      },
                      {
                        "color": "rgba(28, 27, 31, 1)",
                        "fontFamily": "System",
                        "fontWeight": "400",
                        "letterSpacing": 0,
                      },
                      {
                        "writingDirection": "ltr",
                      },
                      [
                        {
                          "fontSize": 16,
                        },
                        {
                          "color": "rgba(28, 27, 31, 1)",
                        },
                        undefined,
                      ],
                    ]
                  }
                >
                  Augusta National
                </Text>
                <Text
                  numberOfLines={2}
                  onTextLayout={[Function]}
                  selectable={false}
                  style={
                    [
                      {
                        "textAlign": "left",
                      },
                      {
                        "color": "rgba(28, 27, 31, 1)",
                        "fontFamily": "System",
                        "fontWeight": "400",
                        "letterSpacing": 0,
                      },
                      {
                        "writingDirection": "ltr",
                      },
                      [
                        {
                          "fontSize": 14,
                        },
                        {
                          "color": "rgba(73, 69, 79, 1)",
                        },
                        undefined,
                      ],
                    ]
                  }
                >
                  2 spots • 18 holes
                </Text>
              </View>
              <Text
                style={
                  [
                    {
                      "textAlign": "left",
                    },
                    {
                      "color": "rgba(28, 27, 31, 1)",
                      "fontFamily": "System",
                      "fontWeight": "400",
                      "letterSpacing": 0,
                    },
                    {
                      "writingDirection": "ltr",
                    },
                    [
                      {
                        "alignSelf": "center",
                        "fontSize": 16,
                        "fontWeight": "bold",
                      },
                      {
                        "color": "#000000",
                      },
                    ],
                  ]
                }
              >
                $200.00
              </Text>
            </View>
          </View>
        </View>
        <View
          onFocusCapture={[Function]}
          onLayout={[Function]}
          style={null}
        >
          <View
            accessibilityState={
              {
                "busy": undefined,
                "checked": undefined,
                "disabled": true,
                "expanded": undefined,
                "selected": undefined,
              }
            }
            accessibilityValue={
              {
                "max": undefined,
                "min": undefined,
                "now": undefined,
                "text": undefined,
              }
            }
            accessible={true}
            collapsable={false}
            focusable={true}
            onBlur={[Function]}
            onClick={[Function]}
            onFocus={[Function]}
            onResponderGrant={[Function]}
            onResponderMove={[Function]}
            onResponderRelease={[Function]}
            onResponderTerminate={[Function]}
            onResponderTerminationRequest={[Function]}
            onStartShouldSetResponder={[Function]}
            style={
              [
                false,
                [
                  {
                    "paddingRight": 24,
                    "paddingVertical": 8,
                  },
                  {
                    "backgroundColor": "white",
                    "borderRadius": 8,
                    "elevation": 2,
                    "marginBottom": 8,
                  },
                ],
              ]
            }
          >
            <View
              style={
                [
                  {
                    "flexDirection": "row",
                    "marginVertical": 6,
                    "width": "100%",
                  },
                  undefined,
                ]
              }
            >
              <View
                pointerEvents="box-none"
                style={
                  [
                    {
                      "alignItems": "center",
                      "justifyContent": "center",
                    },
                    {
                      "alignSelf": "center",
                      "marginLeft": 16,
                      "marginRight": 0,
                    },
                  ]
                }
              >
                <Text
                  accessibilityElementsHidden={true}
                  importantForAccessibility="no-hide-descendants"
                  pointerEvents="none"
                  selectable={false}
                  style={
                    [
                      {
                        "backgroundColor": "transparent",
                      },
                      {
                        "color": "rgba(73, 69, 79, 1)",
                        "fontSize": 24,
                      },
                    ]
                  }
                >
                  □
                </Text>
              </View>
              <View
                style={
                  [
                    {
                      "paddingLeft": 16,
                    },
                    {
                      "flexGrow": 1,
                      "flexShrink": 1,
                      "justifyContent": "center",
                    },
                    undefined,
                  ]
                }
                testID="undefined-content"
              >
                <Text
                  numberOfLines={1}
                  selectable={false}
                  style={
                    [
                      {
                        "textAlign": "left",
                      },
                      {
                        "color": "rgba(28, 27, 31, 1)",
                        "fontFamily": "System",
                        "fontWeight": "400",
                        "letterSpacing": 0,
                      },
                      {
                        "writingDirection": "ltr",
                      },
                      [
                        {
                          "fontSize": 16,
                        },
                        {
                          "color": "rgba(28, 27, 31, 1)",
                        },
                        undefined,
                      ],
                    ]
                  }
                >
                  St Andrews Links
                </Text>
                <Text
                  numberOfLines={2}
                  onTextLayout={[Function]}
                  selectable={false}
                  style={
                    [
                      {
                        "textAlign": "left",
                      },
                      {
                        "color": "rgba(28, 27, 31, 1)",
                        "fontFamily": "System",
                        "fontWeight": "400",
                        "letterSpacing": 0,
                      },
                      {
                        "writingDirection": "ltr",
                      },
                      [
                        {
                          "fontSize": 14,
                        },
                        {
                          "color": "rgba(73, 69, 79, 1)",
                        },
                        undefined,
                      ],
                    ]
                  }
                >
                  1 spots • 9 holes
                </Text>
              </View>
              <Text
                style={
                  [
                    {
                      "textAlign": "left",
                    },
                    {
                      "color": "rgba(28, 27, 31, 1)",
                      "fontFamily": "System",
                      "fontWeight": "400",
                      "letterSpacing": 0,
                    },
                    {
                      "writingDirection": "ltr",
                    },
                    [
                      {
                        "alignSelf": "center",
                        "fontSize": 16,
                        "fontWeight": "bold",
                      },
                      {
                        "color": "#000000",
                      },
                    ],
                  ]
                }
              >
                £175.00
              </Text>
            </View>
          </View>
        </View>
      </View>
    </RCTScrollView>
  </View>
</RNCSafeAreaProvider>
`;
